---
source: tui/src/ui/import_chain_panel.rs
assertion_line: 204
expression: terminal.backend().buffer().clone()
---
Buffer {
    area: Rect { x: 0, y: 0, width: 80, height: 24 },
    content: [
        "                                                                                ",
        "                                                                                ",
        "                                                                                ",
        "                                                                                ",
        "        ┌ Import Chain ────────────────────────────────────────────────┐        ",
        "        │Files: 2  |  References: 1  |  Findings: 1   [Esc to close]   │        ",
        "        │                                                              │        ",
        "        │   SKILL.md                                                   │        ",
        "        │ ⚠ scripts/setup.sh  (1 finding(s))                           │        ",
        "        │  └─ [source] SKILL.md → scripts/setup.sh (line 3)            │        ",
        "        │                                                              │        ",
        "        │                                                              │        ",
        "        │                                                              │        ",
        "        │                                                              │        ",
        "        │                                                              │        ",
        "        │ Findings ────────────────────────────────────────────────────│        ",
        "        │[HIGH] DangerousShellPattern — eval detected (line 2) in scrip│        ",
        "        │                                                              │        ",
        "        └──────────────────────────────────────────────────────────────┘        ",
        "                                                                                ",
        "                                                                                ",
        "                                                                                ",
        "                                                                                ",
        "                                                                                ",
    ],
    styles: [
        x: 0, y: 0, fg: Reset, bg: Reset, underline: Reset, modifier: NONE,
        x: 8, y: 4, fg: Cyan, bg: Reset, underline: Reset, modifier: NONE,
        x: 72, y: 4, fg: Reset, bg: Reset, underline: Reset, modifier: NONE,
        x: 8, y: 5, fg: Cyan, bg: Reset, underline: Reset, modifier: NONE,
        x: 9, y: 5, fg: DarkGray, bg: Reset, underline: Reset, modifier: ITALIC,
        x: 71, y: 5, fg: Cyan, bg: Reset, underline: Reset, modifier: NONE,
        x: 72, y: 5, fg: Reset, bg: Reset, underline: Reset, modifier: NONE,
        x: 8, y: 6, fg: Cyan, bg: Reset, underline: Reset, modifier: NONE,
        x: 9, y: 6, fg: DarkGray, bg: Reset, underline: Reset, modifier: ITALIC,
        x: 71, y: 6, fg: Cyan, bg: Reset, underline: Reset, modifier: NONE,
        x: 72, y: 6, fg: Reset, bg: Reset, underline: Reset, modifier: NONE,
        x: 8, y: 7, fg: Cyan, bg: Reset, underline: Reset, modifier: NONE,
        x: 9, y: 7, fg: Reset, bg: Reset, underline: Reset, modifier: NONE,
        x: 71, y: 7, fg: Cyan, bg: Reset, underline: Reset, modifier: NONE,
        x: 72, y: 7, fg: Reset, bg: Reset, underline: Reset, modifier: NONE,
        x: 8, y: 8, fg: Cyan, bg: Reset, underline: Reset, modifier: NONE,
        x: 9, y: 8, fg: Red, bg: Reset, underline: Reset, modifier: BOLD,
        x: 44, y: 8, fg: Reset, bg: Reset, underline: Reset, modifier: NONE,
        x: 71, y: 8, fg: Cyan, bg: Reset, underline: Reset, modifier: NONE,
        x: 72, y: 8, fg: Reset, bg: Reset, underline: Reset, modifier: NONE,
        x: 8, y: 9, fg: Cyan, bg: Reset, underline: Reset, modifier: NONE,
        x: 9, y: 9, fg: DarkGray, bg: Reset, underline: Reset, modifier: NONE,
        x: 59, y: 9, fg: Reset, bg: Reset, underline: Reset, modifier: NONE,
        x: 71, y: 9, fg: Cyan, bg: Reset, underline: Reset, modifier: NONE,
        x: 72, y: 9, fg: Reset, bg: Reset, underline: Reset, modifier: NONE,
        x: 8, y: 10, fg: Cyan, bg: Reset, underline: Reset, modifier: NONE,
        x: 9, y: 10, fg: Reset, bg: Reset, underline: Reset, modifier: NONE,
        x: 71, y: 10, fg: Cyan, bg: Reset, underline: Reset, modifier: NONE,
        x: 72, y: 10, fg: Reset, bg: Reset, underline: Reset, modifier: NONE,
        x: 8, y: 11, fg: Cyan, bg: Reset, underline: Reset, modifier: NONE,
        x: 9, y: 11, fg: Reset, bg: Reset, underline: Reset, modifier: NONE,
        x: 71, y: 11, fg: Cyan, bg: Reset, underline: Reset, modifier: NONE,
        x: 72, y: 11, fg: Reset, bg: Reset, underline: Reset, modifier: NONE,
        x: 8, y: 12, fg: Cyan, bg: Reset, underline: Reset, modifier: NONE,
        x: 9, y: 12, fg: Reset, bg: Reset, underline: Reset, modifier: NONE,
        x: 71, y: 12, fg: Cyan, bg: Reset, underline: Reset, modifier: NONE,
        x: 72, y: 12, fg: Reset, bg: Reset, underline: Reset, modifier: NONE,
        x: 8, y: 13, fg: Cyan, bg: Reset, underline: Reset, modifier: NONE,
        x: 9, y: 13, fg: Reset, bg: Reset, underline: Reset, modifier: NONE,
        x: 71, y: 13, fg: Cyan, bg: Reset, underline: Reset, modifier: NONE,
        x: 72, y: 13, fg: Reset, bg: Reset, underline: Reset, modifier: NONE,
        x: 8, y: 14, fg: Cyan, bg: Reset, underline: Reset, modifier: NONE,
        x: 9, y: 14, fg: Reset, bg: Reset, underline: Reset, modifier: NONE,
        x: 71, y: 14, fg: Cyan, bg: Reset, underline: Reset, modifier: NONE,
        x: 72, y: 14, fg: Reset, bg: Reset, underline: Reset, modifier: NONE,
        x: 8, y: 15, fg: Cyan, bg: Reset, underline: Reset, modifier: NONE,
        x: 9, y: 15, fg: Red, bg: Reset, underline: Reset, modifier: NONE,
        x: 71, y: 15, fg: Cyan, bg: Reset, underline: Reset, modifier: NONE,
        x: 72, y: 15, fg: Reset, bg: Reset, underline: Reset, modifier: NONE,
        x: 8, y: 16, fg: Cyan, bg: Reset, underline: Reset, modifier: NONE,
        x: 9, y: 16, fg: Red, bg: Reset, underline: Reset, modifier: NONE,
        x: 71, y: 16, fg: Cyan, bg: Reset, underline: Reset, modifier: NONE,
        x: 72, y: 16, fg: Reset, bg: Reset, underline: Reset, modifier: NONE,
        x: 8, y: 17, fg: Cyan, bg: Reset, underline: Reset, modifier: NONE,
        x: 9, y: 17, fg: Reset, bg: Reset, underline: Reset, modifier: NONE,
        x: 71, y: 17, fg: Cyan, bg: Reset, underline: Reset, modifier: NONE,
        x: 72, y: 17, fg: Reset, bg: Reset, underline: Reset, modifier: NONE,
        x: 8, y: 18, fg: Cyan, bg: Reset, underline: Reset, modifier: NONE,
        x: 72, y: 18, fg: Reset, bg: Reset, underline: Reset, modifier: NONE,
    ]
}
