---
source: tui/src/ui/status_bar.rs
assertion_line: 93
expression: terminal.backend().buffer().clone()
---
Buffer {
    area: Rect { x: 0, y: 0, width: 84, height: 1 },
    content: [
        "j/k  d dis  e edit  r rm  u up  a adopt  c new  A audit  B budget  s search  ? quit ",
    ],
    styles: [
        x: 0, y: 0, fg: Black, bg: DarkGray, underline: Reset, modifier: NONE,
    ]
}
