---
source: tui/src/ui/scan_report.rs
expression: terminal.backend().buffer().clone()
---
Buffer {
    area: Rect { x: 0, y: 0, width: 80, height: 24 },
    content: [
        "                                                                                ",
        "                                                                                ",
        "                                                                                ",
        "                                                                                ",
        "                                                                                ",
        "                                                                                ",
        "                                                                                ",
        "                                                                                ",
        "          ┌ Security Findings ───────────────────────────────────────┐          ",
        "          │[HIGH] DangerousShellPattern — rm -rf detected (line 1)   │          ",
        "          │                                                          │          ",
        "          │                                                          │          ",
        "          │                                                          │          ",
        "          │Enter to install anyway  |  Esc to cancel                 │          ",
        "          └──────────────────────────────────────────────────────────┘          ",
        "                                                                                ",
        "                                                                                ",
        "                                                                                ",
        "                                                                                ",
        "                                                                                ",
        "                                                                                ",
        "                                                                                ",
        "                                                                                ",
        "                                                                                ",
    ],
    styles: [
        x: 0, y: 0, fg: Reset, bg: Reset, underline: Reset, modifier: NONE,
        x: 10, y: 8, fg: Red, bg: Reset, underline: Reset, modifier: NONE,
        x: 70, y: 8, fg: Reset, bg: Reset, underline: Reset, modifier: NONE,
        x: 10, y: 9, fg: Red, bg: Reset, underline: Reset, modifier: NONE,
        x: 66, y: 9, fg: Reset, bg: Reset, underline: Reset, modifier: NONE,
        x: 69, y: 9, fg: Red, bg: Reset, underline: Reset, modifier: NONE,
        x: 70, y: 9, fg: Reset, bg: Reset, underline: Reset, modifier: NONE,
        x: 10, y: 10, fg: Red, bg: Reset, underline: Reset, modifier: NONE,
        x: 11, y: 10, fg: Reset, bg: Reset, underline: Reset, modifier: NONE,
        x: 69, y: 10, fg: Red, bg: Reset, underline: Reset, modifier: NONE,
        x: 70, y: 10, fg: Reset, bg: Reset, underline: Reset, modifier: NONE,
        x: 10, y: 11, fg: Red, bg: Reset, underline: Reset, modifier: NONE,
        x: 11, y: 11, fg: Reset, bg: Reset, underline: Reset, modifier: NONE,
        x: 69, y: 11, fg: Red, bg: Reset, underline: Reset, modifier: NONE,
        x: 70, y: 11, fg: Reset, bg: Reset, underline: Reset, modifier: NONE,
        x: 10, y: 12, fg: Red, bg: Reset, underline: Reset, modifier: NONE,
        x: 11, y: 12, fg: Reset, bg: Reset, underline: Reset, modifier: NONE,
        x: 69, y: 12, fg: Red, bg: Reset, underline: Reset, modifier: NONE,
        x: 70, y: 12, fg: Reset, bg: Reset, underline: Reset, modifier: NONE,
        x: 10, y: 13, fg: Red, bg: Reset, underline: Reset, modifier: NONE,
        x: 11, y: 13, fg: DarkGray, bg: Reset, underline: Reset, modifier: ITALIC,
        x: 69, y: 13, fg: Red, bg: Reset, underline: Reset, modifier: NONE,
        x: 70, y: 13, fg: Reset, bg: Reset, underline: Reset, modifier: NONE,
        x: 10, y: 14, fg: Red, bg: Reset, underline: Reset, modifier: NONE,
        x: 70, y: 14, fg: Reset, bg: Reset, underline: Reset, modifier: NONE,
    ]
}
